// Jest Snapshot v1, https://goo.gl/fbAQLP

exports[`Test header component to render properly with properties should be rendered properly 1`] = `
<div
  className="signup-form"
>
  <h2>
    Sign up
  </h2>
  <form
    noValidate={true}
    onSubmit={[Function]}
  >
    <div
      className="form-group row"
    >
      <label
        htmlFor="email"
      >
        Enter your email
      </label>
      <input
        className="form-control"
        id="email"
        name="email"
        onBlur={[Function]}
        onChange={[Function]}
        placeholder="Email"
        type="email"
        value=""
      />
    </div>
    <div
      className="form-group row"
    >
      <label
        htmlFor="password"
      >
         Enter your password
      </label>
      <input
        className="form-control"
        id="password"
        name="password"
        onBlur={[Function]}
        onChange={[Function]}
        placeholder="Password"
        type="password"
        value=""
      />
    </div>
    <div
      className="form-check row"
    >
      <input
        checked={true}
        className="form-check-input"
        id="newsletters"
        name="newsletters"
        onBlur={[Function]}
        onChange={[Function]}
        placeholder="Password"
        type="checkbox"
        value={undefined}
      />
      <label
        htmlFor="newsletters"
      >
        Would you like to receive our newsletters ?
      </label>
    </div>
    <div
      className="form-group row"
    >
      <label
        htmlFor="plan"
      >
         Choose your personal plan
      </label>
      <select
        className="form-control"
        id="plan"
        name="plan"
        onBlur={[Function]}
        onChange={[Function]}
        value="premium"
      >
        <option
          value="free"
        >
          Free
        </option>
        <option
          value="premium"
        >
          Premium
        </option>
        <option
          value="gold"
        >
          Gold
        </option>
      </select>
    </div>
    <div
      className="row"
    >
      <button
        className="signup-form--reset-btn btn btn-outline-secondary"
        onClick={[Function]}
      >
        Reset
      </button>
      <button
        className="btn btn-primary"
        disabled={true}
        type="submit"
      >
        Submit
      </button>
    </div>
  </form>
</div>
`;

exports[`Test header component to render properly with properties should be rendered properly with different properties 1`] = `
<div
  className="signup-form"
>
  <h2>
    Sign up
  </h2>
  <form
    noValidate={true}
    onSubmit={[Function]}
  >
    <div
      className="form-group row"
    >
      <label
        htmlFor="email"
      >
        Enter your email
      </label>
      <input
        className="form-control"
        id="email"
        name="email"
        onBlur={[Function]}
        onChange={[Function]}
        placeholder="Email"
        type="email"
        value=""
      />
    </div>
    <div
      className="form-group row"
    >
      <label
        htmlFor="password"
      >
         Enter your password
      </label>
      <input
        className="form-control"
        id="password"
        name="password"
        onBlur={[Function]}
        onChange={[Function]}
        placeholder="Password"
        type="password"
        value=""
      />
    </div>
    <div
      className="form-check row"
    >
      <input
        checked={true}
        className="form-check-input"
        id="newsletters"
        name="newsletters"
        onBlur={[Function]}
        onChange={[Function]}
        placeholder="Password"
        type="checkbox"
        value={undefined}
      />
      <label
        htmlFor="newsletters"
      >
        Would you like to receive our newsletters ?
      </label>
    </div>
    <div
      className="form-group row"
    >
      <label
        htmlFor="plan"
      >
         Choose your personal plan
      </label>
      <select
        className="form-control"
        id="plan"
        name="plan"
        onBlur={[Function]}
        onChange={[Function]}
        value="premium"
      >
        <option
          value="free"
        >
          Free
        </option>
        <option
          value="premium"
        >
          Premium
        </option>
        <option
          value="gold"
        >
          Gold
        </option>
      </select>
    </div>
    <div
      className="row"
    >
      <button
        className="signup-form--reset-btn btn btn-outline-secondary"
        onClick={[Function]}
      >
        Reset
      </button>
      <button
        className="btn btn-primary"
        disabled={true}
        type="submit"
      >
        Submit
      </button>
    </div>
  </form>
</div>
`;
